{
  "json": {
    "menu": {
      "popup": {
        "menuitem": [
          {
            "onclick": "CreateNewDoc()"
          },
          {
            "onclick": "OpenDoc()"
          },
          {
            "value": "Open"
          },
          {},
          {
            "value": "New"
          },
          {}
        ]
      }
    }
  }
}